Coors: pitcher-seasons with >=25% pitches at COL: 223; mean own-model stuff home 96.2 vs road 98.3 (Δ +2.1); mean road-minus-all +0.68

backtest n=2667 (2020-25 → next season):
  mix gain             r(ΔStuff+) +0.085 | after mean-reversion +0.042 | r(ΔPit+) +0.057 | mean 3.02 p90 6.22
  existing-pitch gap   r(ΔStuff+) +0.296 | after mean-reversion +0.087 | r(ΔPit+) +0.112 | mean 3.06 p90 7.24
  coors adj            r(ΔStuff+) +0.067 | after mean-reversion +0.036 | r(ΔPit+) +0.009 | mean 0.02 p90 0.00
==============================================================================
                 coef    std err          t      P>|t|      [0.025      0.975]
------------------------------------------------------------------------------
const         12.5282      1.824      6.870      0.000       8.952      16.104
sp_stuff      -0.1448      0.017     -8.650      0.000      -0.178      -0.112
gain_mix       0.0925      0.045      2.069      0.039       0.005       0.180
gain_gap       0.2993      0.050      5.931      0.000       0.200       0.398
coors_adj      0.8484      0.707      1.200      0.230      -0.538       2.235
==============================================================================
q             0       1       2       3       4
n        534.00  533.00  533.00  533.00  534.00
comb       0.12    0.53    1.01    1.63    2.79
d_stuff   -3.21   -2.25   -1.22    0.04    1.94
resid     -0.35   -0.43   -0.34    0.15    0.97

as-of-2025:
       player_name  sp_stuff  gain_mix worst_fam  worst_use  worst_stf best_fam  best_use  best_stf  gain_gap                                      gap_parts  col_share  coors_adj  score  rank  stuff26   d26
  Dollander, Chase     97.41      5.19        CH       0.08      83.04       FC      0.12    114.05      4.50                            FF 91→99 | SI 94→99       0.53       0.63   2.36  80.0   109.85 12.44
  Hancock, Emerson     90.04      3.68        CH       0.20      85.67       SL      0.14    104.08      6.10               FF 90→96 | SI 87→96 | SL 104→110        NaN       0.00   2.17 104.0   100.91 10.87
Senzatela, Antonio     85.33      4.65        FF       0.52      77.88       SL      0.20    101.11      6.90              CU 99→111 | FF 78→86 | SL 101→105       0.54       0.09   2.57  60.0   103.25 17.92
 Palmquist, Carson     93.20      5.39        FC       0.13      75.25       SL      0.31    106.70      9.19 FC 75→93 | FF 86→101 | SI 105→107 | SL 107→108       0.51       0.50   3.67  14.0   107.28 14.08
as-of-2025 top-40 by combined score: realized 2026 ΔStuff+ +1.52 vs stuff-matched +0.98 → excess +0.54 (n=26)
        player_name  sp_stuff  gain_mix  gain_gap  coors_adj  score  stuff26   d26
    Molina, Anthony     93.51      9.08      7.58       2.65   5.35   100.19  6.69
        Jacob, Alek     89.94      3.24     14.37       0.00   4.60    86.32 -3.61
        Ureña, José     87.24      4.37     13.59       0.00   4.47      NaN   NaN
         Lee, Chase     90.85      3.31     13.55       0.00   4.36    95.98  5.13
     Blewett, Scott     85.04      2.37     13.76       0.00   4.34    90.71  5.67
  Saalfrank, Andrew     87.49      0.17     14.20       0.00   4.27      NaN   NaN
    Márquez, Germán     85.58      5.97     10.32       0.64   4.18    87.23  1.66
       Díaz, Alexis     93.76     -0.62     13.68       0.00   4.04      NaN   NaN
      Dunning, Dane     81.48      4.67     11.48       0.00   3.87      NaN   NaN
     Martin, Corbin     97.48      6.31     10.95       0.00   3.86    93.52 -3.96
      Holman, Grant     91.66      1.21     12.47       0.00   3.84      NaN   NaN
Liberatore, Matthew     95.28      7.97     10.29       0.00   3.82    97.75  2.46
        Agnos, Zach     88.53      4.73      8.66       0.89   3.78    90.30  1.77
  Palmquist, Carson     93.20      5.39      9.19       0.50   3.67   107.28 14.08
    Alvarez, Andrew     88.66      2.92     11.36       0.00   3.67    95.63  6.97
   Carrasco, Carlos     80.35      2.50     11.15       0.00   3.57    81.56  1.22
   Sugano, Tomoyuki     87.76      4.42     10.54       0.00   3.56    81.56 -6.20
    Bautista, Félix     99.80      2.25     10.82       0.00   3.45      NaN   NaN
       Beeks, Jalen     91.95      5.98      9.55       0.00   3.41    88.73 -3.22
        Mize, Casey     94.57      4.31      9.82       0.00   3.34    88.63 -5.95
